// Jest Snapshot v1, https://goo.gl/fbAQLP

exports[`<FormSelectInput /> should match the snapshot 1`] = `
<select
  className="custom-select"
  id="property-name"
  onChange={[Function]}
  value="Property Value"
>
  <FormSelectOption
    key="option-0"
    label="Option 1"
    value="one"
  />
  <FormSelectOption
    key="option-1"
    label="Option 2"
    value="two"
  />
  <FormSelectOption
    key="option-2"
    label="Option 3"
    value="three"
  />
</select>
`;
