// Jest Snapshot v1, https://goo.gl/fbAQLP

exports[`UpdateSpellPage should match the snapshot 1`] = `
<Page
  breadcrumbs={<UpdateSpellBreadcrumbs />}
  className="page-update-spell"
  layout={null}
  subtitle="5e Campaign Companion"
  title="Parchment"
>
  <h1>
    Update Spell
  </h1>
  <UpdateSpellForm />
</Page>
`;
