// Jest Snapshot v1, https://goo.gl/fbAQLP

exports[`<SpellFormComponentsField /> should match the snapshot 1`] = `
<FormGroup
  className="mb-0"
  colWidth="12"
>
  <label>
    Components
  </label>
  <FormRow
    align="left"
    className=""
    verticalAlign="center"
  >
    <VerbalInput
      colWidth="2"
      form={
        Object {
          "data": Object {
            "castingTime": "1 reaction, which you take when you speak your own name or hear it spoken",
            "description": "Immediately after speaking or hearing your name, you create the illusory sound of an ominous, distant thunderclap.",
            "duration": "Instantaneous",
            "id": "e17bca01-24d3-48d3-a308-099dd6dca373",
            "level": 0,
            "materialComponent": "",
            "name": "Thunderclap",
            "range": "Self",
            "ritual": false,
            "school": "illusion",
            "shortDescription": "Create an ominous thunderclap when your name is spoken",
            "somaticComponent": false,
            "verbalComponent": false,
          },
          "namespace": "spell",
          "onChangeAction": [MockFunction],
        }
      }
      label="Verbal"
    />
    <SomaticInput
      colWidth="2"
      form={
        Object {
          "data": Object {
            "castingTime": "1 reaction, which you take when you speak your own name or hear it spoken",
            "description": "Immediately after speaking or hearing your name, you create the illusory sound of an ominous, distant thunderclap.",
            "duration": "Instantaneous",
            "id": "e17bca01-24d3-48d3-a308-099dd6dca373",
            "level": 0,
            "materialComponent": "",
            "name": "Thunderclap",
            "range": "Self",
            "ritual": false,
            "school": "illusion",
            "shortDescription": "Create an ominous thunderclap when your name is spoken",
            "somaticComponent": false,
            "verbalComponent": false,
          },
          "namespace": "spell",
          "onChangeAction": [MockFunction],
        }
      }
      label="Somatic"
    />
    <MaterialInput
      colWidth="8"
      form={
        Object {
          "data": Object {
            "castingTime": "1 reaction, which you take when you speak your own name or hear it spoken",
            "description": "Immediately after speaking or hearing your name, you create the illusory sound of an ominous, distant thunderclap.",
            "duration": "Instantaneous",
            "id": "e17bca01-24d3-48d3-a308-099dd6dca373",
            "level": 0,
            "materialComponent": "",
            "name": "Thunderclap",
            "range": "Self",
            "ritual": false,
            "school": "illusion",
            "shortDescription": "Create an ominous thunderclap when your name is spoken",
            "somaticComponent": false,
            "verbalComponent": false,
          },
          "namespace": "spell",
          "onChangeAction": [MockFunction],
        }
      }
      placeholder="Material"
    />
  </FormRow>
</FormGroup>
`;
