// Jest Snapshot v1, https://goo.gl/fbAQLP

exports[`<BookForm /> should match the snapshot 1`] = `
<Form
  className="book-form"
  form={
    Object {
      "data": Object {
        "book": Object {
          "abbreviation": "sff",
          "id": "38a6666f-d3eb-4853-bd0a-add4d8ec369a",
          "playtest": true,
          "publicationDate": "2013-08-15",
          "publisherName": "Spelljammer Publishing",
          "slug": "spectres-flumph-fortress",
          "title": "Spectres of Flumph Fortress",
        },
      },
      "errors": Object {},
      "onChangeAction": [MockFunction],
      "onSubmitAction": [MockFunction],
      "path": Array [
        "book",
      ],
    }
  }
>
  <FormRow
    align="left"
    className=""
    verticalAlign="top"
  >
    <TitleField
      colWidth="8"
      form={
        Object {
          "data": Object {
            "book": Object {
              "abbreviation": "sff",
              "id": "38a6666f-d3eb-4853-bd0a-add4d8ec369a",
              "playtest": true,
              "publicationDate": "2013-08-15",
              "publisherName": "Spelljammer Publishing",
              "slug": "spectres-flumph-fortress",
              "title": "Spectres of Flumph Fortress",
            },
          },
          "errors": Object {},
          "onChangeAction": [MockFunction],
          "onSubmitAction": [MockFunction],
          "path": Array [
            "book",
          ],
        }
      }
    />
    <SlugField
      colWidth="4"
      form={
        Object {
          "data": Object {
            "book": Object {
              "abbreviation": "sff",
              "id": "38a6666f-d3eb-4853-bd0a-add4d8ec369a",
              "playtest": true,
              "publicationDate": "2013-08-15",
              "publisherName": "Spelljammer Publishing",
              "slug": "spectres-flumph-fortress",
              "title": "Spectres of Flumph Fortress",
            },
          },
          "errors": Object {},
          "onChangeAction": [MockFunction],
          "onSubmitAction": [MockFunction],
          "path": Array [
            "book",
          ],
        }
      }
    />
    <PublisherNameField
      colWidth="8"
      form={
        Object {
          "data": Object {
            "book": Object {
              "abbreviation": "sff",
              "id": "38a6666f-d3eb-4853-bd0a-add4d8ec369a",
              "playtest": true,
              "publicationDate": "2013-08-15",
              "publisherName": "Spelljammer Publishing",
              "slug": "spectres-flumph-fortress",
              "title": "Spectres of Flumph Fortress",
            },
          },
          "errors": Object {},
          "onChangeAction": [MockFunction],
          "onSubmitAction": [MockFunction],
          "path": Array [
            "book",
          ],
        }
      }
    />
    <PublicationDateField
      colWidth="4"
      form={
        Object {
          "data": Object {
            "book": Object {
              "abbreviation": "sff",
              "id": "38a6666f-d3eb-4853-bd0a-add4d8ec369a",
              "playtest": true,
              "publicationDate": "2013-08-15",
              "publisherName": "Spelljammer Publishing",
              "slug": "spectres-flumph-fortress",
              "title": "Spectres of Flumph Fortress",
            },
          },
          "errors": Object {},
          "onChangeAction": [MockFunction],
          "onSubmitAction": [MockFunction],
          "path": Array [
            "book",
          ],
        }
      }
    />
  </FormRow>
  <FormRow
    align="right"
    className=""
    verticalAlign="top"
  >
    <CancelButton
      colWidth="3"
      form={
        Object {
          "data": Object {
            "book": Object {
              "abbreviation": "sff",
              "id": "38a6666f-d3eb-4853-bd0a-add4d8ec369a",
              "playtest": true,
              "publicationDate": "2013-08-15",
              "publisherName": "Spelljammer Publishing",
              "slug": "spectres-flumph-fortress",
              "title": "Spectres of Flumph Fortress",
            },
          },
          "errors": Object {},
          "onChangeAction": [MockFunction],
          "onSubmitAction": [MockFunction],
          "path": Array [
            "book",
          ],
        }
      }
      isUpdate={false}
    />
    <SubmitButton
      colWidth="3"
      disabled={false}
      form={
        Object {
          "data": Object {
            "book": Object {
              "abbreviation": "sff",
              "id": "38a6666f-d3eb-4853-bd0a-add4d8ec369a",
              "playtest": true,
              "publicationDate": "2013-08-15",
              "publisherName": "Spelljammer Publishing",
              "slug": "spectres-flumph-fortress",
              "title": "Spectres of Flumph Fortress",
            },
          },
          "errors": Object {},
          "onChangeAction": [MockFunction],
          "onSubmitAction": [MockFunction],
          "path": Array [
            "book",
          ],
        }
      }
      isUpdate={false}
      status="initialized"
    />
  </FormRow>
</Form>
`;
