// Jest Snapshot v1, https://goo.gl/fbAQLP

exports[`ShowPublicationPage should match the snapshot 1`] = `
<Page
  breadcrumbs={<ShowPublicationBreadcrumbs />}
  className="page-show-publication"
  layout={null}
  subtitle="5e Campaign Companion"
  title="Parchment"
>
  <h1>
    Show Publication
  </h1>
  <ShowPublicationBlock />
</Page>
`;
