// Jest Snapshot v1, https://goo.gl/fbAQLP

exports[`<PublicationsPage /> should match the snapshot 1`] = `
<Page
  breadcrumbs={
    Array [
      Object {
        "label": "Home",
        "url": "/",
      },
      Object {
        "active": true,
        "label": "Publications",
        "url": "/publications",
      },
    ]
  }
  className="page-publications"
  layout={null}
  subtitle="5e Campaign Companion"
  title="Parchment"
>
  <HeadingWithButtons
    buttons={Array []}
  >
    Publications
  </HeadingWithButtons>
  <IndexPublicationsTable />
</Page>
`;
