// Jest Snapshot v1, https://goo.gl/fbAQLP

exports[`<PublicationForm /> should match the snapshot 1`] = `
<Form
  className="publication-form"
  form={
    Object {
      "data": Object {
        "publication": Object {
          "abbreviation": "sff",
          "id": "38a6666f-d3eb-4853-bd0a-add4d8ec369a",
          "name": "Spectres of Flumph Fortress",
          "official": false,
          "playtest": true,
          "publicationDate": "2013-08-15",
          "publisherName": "Spelljammer Publishing",
          "slug": "spectres-flumph-fortress",
        },
      },
      "errors": Object {},
      "onChangeAction": [MockFunction],
      "onSubmitAction": [MockFunction],
      "path": Array [
        "publication",
      ],
    }
  }
>
  <FormRow
    align="left"
    className=""
    verticalAlign="top"
  >
    <NameField
      colWidth="12"
      form={
        Object {
          "data": Object {
            "publication": Object {
              "abbreviation": "sff",
              "id": "38a6666f-d3eb-4853-bd0a-add4d8ec369a",
              "name": "Spectres of Flumph Fortress",
              "official": false,
              "playtest": true,
              "publicationDate": "2013-08-15",
              "publisherName": "Spelljammer Publishing",
              "slug": "spectres-flumph-fortress",
            },
          },
          "errors": Object {},
          "onChangeAction": [MockFunction],
          "onSubmitAction": [MockFunction],
          "path": Array [
            "publication",
          ],
        }
      }
    />
    <PublisherNameField
      colWidth="8"
      form={
        Object {
          "data": Object {
            "publication": Object {
              "abbreviation": "sff",
              "id": "38a6666f-d3eb-4853-bd0a-add4d8ec369a",
              "name": "Spectres of Flumph Fortress",
              "official": false,
              "playtest": true,
              "publicationDate": "2013-08-15",
              "publisherName": "Spelljammer Publishing",
              "slug": "spectres-flumph-fortress",
            },
          },
          "errors": Object {},
          "onChangeAction": [MockFunction],
          "onSubmitAction": [MockFunction],
          "path": Array [
            "publication",
          ],
        }
      }
    />
    <PublicationDateField
      colWidth="4"
      form={
        Object {
          "data": Object {
            "publication": Object {
              "abbreviation": "sff",
              "id": "38a6666f-d3eb-4853-bd0a-add4d8ec369a",
              "name": "Spectres of Flumph Fortress",
              "official": false,
              "playtest": true,
              "publicationDate": "2013-08-15",
              "publisherName": "Spelljammer Publishing",
              "slug": "spectres-flumph-fortress",
            },
          },
          "errors": Object {},
          "onChangeAction": [MockFunction],
          "onSubmitAction": [MockFunction],
          "path": Array [
            "publication",
          ],
        }
      }
    />
    <SlugField
      colWidth="8"
      form={
        Object {
          "data": Object {
            "publication": Object {
              "abbreviation": "sff",
              "id": "38a6666f-d3eb-4853-bd0a-add4d8ec369a",
              "name": "Spectres of Flumph Fortress",
              "official": false,
              "playtest": true,
              "publicationDate": "2013-08-15",
              "publisherName": "Spelljammer Publishing",
              "slug": "spectres-flumph-fortress",
            },
          },
          "errors": Object {},
          "onChangeAction": [MockFunction],
          "onSubmitAction": [MockFunction],
          "path": Array [
            "publication",
          ],
        }
      }
    />
    <AbbreviationField
      colWidth="2"
      form={
        Object {
          "data": Object {
            "publication": Object {
              "abbreviation": "sff",
              "id": "38a6666f-d3eb-4853-bd0a-add4d8ec369a",
              "name": "Spectres of Flumph Fortress",
              "official": false,
              "playtest": true,
              "publicationDate": "2013-08-15",
              "publisherName": "Spelljammer Publishing",
              "slug": "spectres-flumph-fortress",
            },
          },
          "errors": Object {},
          "onChangeAction": [MockFunction],
          "onSubmitAction": [MockFunction],
          "path": Array [
            "publication",
          ],
        }
      }
    />
    <PlaytestField
      colWidth="2"
      form={
        Object {
          "data": Object {
            "publication": Object {
              "abbreviation": "sff",
              "id": "38a6666f-d3eb-4853-bd0a-add4d8ec369a",
              "name": "Spectres of Flumph Fortress",
              "official": false,
              "playtest": true,
              "publicationDate": "2013-08-15",
              "publisherName": "Spelljammer Publishing",
              "slug": "spectres-flumph-fortress",
            },
          },
          "errors": Object {},
          "onChangeAction": [MockFunction],
          "onSubmitAction": [MockFunction],
          "path": Array [
            "publication",
          ],
        }
      }
    />
  </FormRow>
  <FormRow
    align="right"
    className=""
    verticalAlign="top"
  >
    <CancelButton
      colWidth="3"
      form={
        Object {
          "data": Object {
            "publication": Object {
              "abbreviation": "sff",
              "id": "38a6666f-d3eb-4853-bd0a-add4d8ec369a",
              "name": "Spectres of Flumph Fortress",
              "official": false,
              "playtest": true,
              "publicationDate": "2013-08-15",
              "publisherName": "Spelljammer Publishing",
              "slug": "spectres-flumph-fortress",
            },
          },
          "errors": Object {},
          "onChangeAction": [MockFunction],
          "onSubmitAction": [MockFunction],
          "path": Array [
            "publication",
          ],
        }
      }
      isUpdate={false}
    />
    <SubmitButton
      colWidth="3"
      disabled={false}
      form={
        Object {
          "data": Object {
            "publication": Object {
              "abbreviation": "sff",
              "id": "38a6666f-d3eb-4853-bd0a-add4d8ec369a",
              "name": "Spectres of Flumph Fortress",
              "official": false,
              "playtest": true,
              "publicationDate": "2013-08-15",
              "publisherName": "Spelljammer Publishing",
              "slug": "spectres-flumph-fortress",
            },
          },
          "errors": Object {},
          "onChangeAction": [MockFunction],
          "onSubmitAction": [MockFunction],
          "path": Array [
            "publication",
          ],
        }
      }
      isUpdate={false}
      status="initialized"
    />
  </FormRow>
</Form>
`;
