// Jest Snapshot v1, https://goo.gl/fbAQLP

exports[`<SpellBlock /> should be consistent 1`] = `"<div class=\\"spell-block\\" data=\\"[object Object]\\"><p class=\\"spell-block-name\\">Thunderclap</p><p class=\\"spell-block-level-school\\">Illusion cantrip</p><div class=\\"spell-block-stats\\"><p class=\\"spell-block-casting-time\\"><strong>Casting Time:</strong> 1 reaction, which you take when you speak your own name or hear it spoken</p><p class=\\"spell-block-range\\"><strong>Range:</strong> Self</p><p class=\\"spell-block-components\\"><strong>Components:</strong> None</p><p class=\\"spell-block-duration\\"><strong>Duration:</strong> Instantaneous</p></div><div class=\\"plain-text spell-block-description\\"><p>Immediately after speaking or hearing your name, you create the illusory sound of an ominous, distant thunderclap.</p></div></div>"`;
