// Jest Snapshot v1, https://goo.gl/fbAQLP

exports[`CreateSpellPage should match the snapshot 1`] = `
<Page
  breadcrumbs={
    Array [
      Object {
        "label": "Home",
        "url": "/",
      },
      Object {
        "label": "Spells",
        "url": "/spells",
      },
      Object {
        "active": true,
        "label": "Create",
        "url": "/spells/create",
      },
    ]
  }
  className="page-create-spell"
  layout={null}
  subtitle="5e Campaign Companion"
  title="Parchment"
>
  <h1>
    Create Spell
  </h1>
  <CreateSpellForm />
</Page>
`;
