// Jest Snapshot v1, https://goo.gl/fbAQLP

exports[`<SpellSourceLink /> should match the snapshot 1`] = `
<span
  className="text-muted"
>
  Homebrew
</span>
`;

exports[`<SpellSourceLink /> with source: value and sourceType: value should match the snapshot 1`] = `
<Link
  to="/widgets/00000000-0000-0000-0000-000000000000"
>
  sprocket
</Link>
`;
