// Jest Snapshot v1, https://goo.gl/fbAQLP

exports[`<SpellsPage /> should match the snapshot 1`] = `
<Page
  breadcrumbs={
    Array [
      Object {
        "label": "Home",
        "url": "/",
      },
      Object {
        "active": true,
        "label": "Spells",
        "url": "/spells",
      },
    ]
  }
  className="page-spells"
  layout={null}
  subtitle="5e Campaign Companion"
  title="Parchment"
>
  <HeadingWithButtons
    buttons={
      Array [
        Object {
          "label": "Create Spell",
          "outline": true,
          "url": "/spells/create",
        },
      ]
    }
  >
    Spells
  </HeadingWithButtons>
  <IndexSpellsTable />
</Page>
`;
