// Jest Snapshot v1, https://goo.gl/fbAQLP

exports[`<FormSubmitButton /> should match the snapshot 1`] = `
<Button
  block={true}
  buttonSize="md"
  buttonStyle="primary"
  className="form-submit"
  disabled={false}
  link={false}
  onClick={[Function]}
  outline={true}
>
  Submit Form
</Button>
`;
