// Jest Snapshot v1, https://goo.gl/fbAQLP

exports[`<UpdateBookPage /> should match the snapshot 1`] = `
<Page
  breadcrumbs={<UpdateBookBreadcrumbs />}
  className="page-update-book"
  layout={null}
  subtitle="5e Campaign Companion"
  title="Parchment"
>
  <h1>
    Update Book
  </h1>
  <UpdateBookForm />
</Page>
`;
