// Jest Snapshot v1, https://goo.gl/fbAQLP

exports[`<SpellForm /> should match the snapshot 1`] = `
<Form
  className="spell-form"
  form={
    Object {
      "data": Object {
        "spell": Object {
          "castingTime": "1 reaction, which you take when you speak your own name or hear it spoken",
          "description": "Immediately after speaking or hearing your name, you create the illusory sound of an ominous, distant thunderclap.",
          "duration": "Instantaneous",
          "id": "e17bca01-24d3-48d3-a308-099dd6dca373",
          "level": 0,
          "materialComponent": "",
          "name": "Thunderclap",
          "range": "Self",
          "ritual": false,
          "school": "illusion",
          "shortDescription": "Create an ominous thunderclap when your name is spoken",
          "somaticComponent": false,
          "verbalComponent": false,
        },
      },
      "errors": Object {},
      "onChangeAction": [MockFunction],
      "onSubmitAction": [MockFunction],
      "path": Array [
        "spell",
      ],
    }
  }
>
  <FormRow
    align="left"
    className=""
    verticalAlign="top"
  >
    <NameField
      colWidth="12"
      form={
        Object {
          "data": Object {
            "spell": Object {
              "castingTime": "1 reaction, which you take when you speak your own name or hear it spoken",
              "description": "Immediately after speaking or hearing your name, you create the illusory sound of an ominous, distant thunderclap.",
              "duration": "Instantaneous",
              "id": "e17bca01-24d3-48d3-a308-099dd6dca373",
              "level": 0,
              "materialComponent": "",
              "name": "Thunderclap",
              "range": "Self",
              "ritual": false,
              "school": "illusion",
              "shortDescription": "Create an ominous thunderclap when your name is spoken",
              "somaticComponent": false,
              "verbalComponent": false,
            },
          },
          "errors": Object {},
          "onChangeAction": [MockFunction],
          "onSubmitAction": [MockFunction],
          "path": Array [
            "spell",
          ],
        }
      }
    />
    <SchoolField
      colWidth="8"
      form={
        Object {
          "data": Object {
            "spell": Object {
              "castingTime": "1 reaction, which you take when you speak your own name or hear it spoken",
              "description": "Immediately after speaking or hearing your name, you create the illusory sound of an ominous, distant thunderclap.",
              "duration": "Instantaneous",
              "id": "e17bca01-24d3-48d3-a308-099dd6dca373",
              "level": 0,
              "materialComponent": "",
              "name": "Thunderclap",
              "range": "Self",
              "ritual": false,
              "school": "illusion",
              "shortDescription": "Create an ominous thunderclap when your name is spoken",
              "somaticComponent": false,
              "verbalComponent": false,
            },
          },
          "errors": Object {},
          "onChangeAction": [MockFunction],
          "onSubmitAction": [MockFunction],
          "path": Array [
            "spell",
          ],
        }
      }
      options={
        Array [
          Object {
            "label": "Abjuration",
            "value": "abjuration",
          },
          Object {
            "label": "Conjuration",
            "value": "conjuration",
          },
          Object {
            "label": "Divination",
            "value": "divination",
          },
          Object {
            "label": "Enchantment",
            "value": "enchantment",
          },
          Object {
            "label": "Evocation",
            "value": "evocation",
          },
          Object {
            "label": "Illusion",
            "value": "illusion",
          },
          Object {
            "label": "Necromancy",
            "value": "necromancy",
          },
          Object {
            "label": "Transmutation",
            "value": "transmutation",
          },
        ]
      }
    />
    <LevelField
      colWidth="2"
      form={
        Object {
          "data": Object {
            "spell": Object {
              "castingTime": "1 reaction, which you take when you speak your own name or hear it spoken",
              "description": "Immediately after speaking or hearing your name, you create the illusory sound of an ominous, distant thunderclap.",
              "duration": "Instantaneous",
              "id": "e17bca01-24d3-48d3-a308-099dd6dca373",
              "level": 0,
              "materialComponent": "",
              "name": "Thunderclap",
              "range": "Self",
              "ritual": false,
              "school": "illusion",
              "shortDescription": "Create an ominous thunderclap when your name is spoken",
              "somaticComponent": false,
              "verbalComponent": false,
            },
          },
          "errors": Object {},
          "onChangeAction": [MockFunction],
          "onSubmitAction": [MockFunction],
          "path": Array [
            "spell",
          ],
        }
      }
    />
    <RitualField
      colWidth="2"
      form={
        Object {
          "data": Object {
            "spell": Object {
              "castingTime": "1 reaction, which you take when you speak your own name or hear it spoken",
              "description": "Immediately after speaking or hearing your name, you create the illusory sound of an ominous, distant thunderclap.",
              "duration": "Instantaneous",
              "id": "e17bca01-24d3-48d3-a308-099dd6dca373",
              "level": 0,
              "materialComponent": "",
              "name": "Thunderclap",
              "range": "Self",
              "ritual": false,
              "school": "illusion",
              "shortDescription": "Create an ominous thunderclap when your name is spoken",
              "somaticComponent": false,
              "verbalComponent": false,
            },
          },
          "errors": Object {},
          "onChangeAction": [MockFunction],
          "onSubmitAction": [MockFunction],
          "path": Array [
            "spell",
          ],
        }
      }
    />
    <CastingTimeField
      colWidth="4"
      form={
        Object {
          "data": Object {
            "spell": Object {
              "castingTime": "1 reaction, which you take when you speak your own name or hear it spoken",
              "description": "Immediately after speaking or hearing your name, you create the illusory sound of an ominous, distant thunderclap.",
              "duration": "Instantaneous",
              "id": "e17bca01-24d3-48d3-a308-099dd6dca373",
              "level": 0,
              "materialComponent": "",
              "name": "Thunderclap",
              "range": "Self",
              "ritual": false,
              "school": "illusion",
              "shortDescription": "Create an ominous thunderclap when your name is spoken",
              "somaticComponent": false,
              "verbalComponent": false,
            },
          },
          "errors": Object {},
          "onChangeAction": [MockFunction],
          "onSubmitAction": [MockFunction],
          "path": Array [
            "spell",
          ],
        }
      }
    />
    <RangeField
      colWidth="4"
      form={
        Object {
          "data": Object {
            "spell": Object {
              "castingTime": "1 reaction, which you take when you speak your own name or hear it spoken",
              "description": "Immediately after speaking or hearing your name, you create the illusory sound of an ominous, distant thunderclap.",
              "duration": "Instantaneous",
              "id": "e17bca01-24d3-48d3-a308-099dd6dca373",
              "level": 0,
              "materialComponent": "",
              "name": "Thunderclap",
              "range": "Self",
              "ritual": false,
              "school": "illusion",
              "shortDescription": "Create an ominous thunderclap when your name is spoken",
              "somaticComponent": false,
              "verbalComponent": false,
            },
          },
          "errors": Object {},
          "onChangeAction": [MockFunction],
          "onSubmitAction": [MockFunction],
          "path": Array [
            "spell",
          ],
        }
      }
    />
    <DurationField
      colWidth="4"
      form={
        Object {
          "data": Object {
            "spell": Object {
              "castingTime": "1 reaction, which you take when you speak your own name or hear it spoken",
              "description": "Immediately after speaking or hearing your name, you create the illusory sound of an ominous, distant thunderclap.",
              "duration": "Instantaneous",
              "id": "e17bca01-24d3-48d3-a308-099dd6dca373",
              "level": 0,
              "materialComponent": "",
              "name": "Thunderclap",
              "range": "Self",
              "ritual": false,
              "school": "illusion",
              "shortDescription": "Create an ominous thunderclap when your name is spoken",
              "somaticComponent": false,
              "verbalComponent": false,
            },
          },
          "errors": Object {},
          "onChangeAction": [MockFunction],
          "onSubmitAction": [MockFunction],
          "path": Array [
            "spell",
          ],
        }
      }
    />
    <SpellFormComponentsField
      colWidth="12"
      form={
        Object {
          "data": Object {
            "spell": Object {
              "castingTime": "1 reaction, which you take when you speak your own name or hear it spoken",
              "description": "Immediately after speaking or hearing your name, you create the illusory sound of an ominous, distant thunderclap.",
              "duration": "Instantaneous",
              "id": "e17bca01-24d3-48d3-a308-099dd6dca373",
              "level": 0,
              "materialComponent": "",
              "name": "Thunderclap",
              "range": "Self",
              "ritual": false,
              "school": "illusion",
              "shortDescription": "Create an ominous thunderclap when your name is spoken",
              "somaticComponent": false,
              "verbalComponent": false,
            },
          },
          "errors": Object {},
          "onChangeAction": [MockFunction],
          "onSubmitAction": [MockFunction],
          "path": Array [
            "spell",
          ],
        }
      }
    />
    <DescriptionField
      colWidth="12"
      form={
        Object {
          "data": Object {
            "spell": Object {
              "castingTime": "1 reaction, which you take when you speak your own name or hear it spoken",
              "description": "Immediately after speaking or hearing your name, you create the illusory sound of an ominous, distant thunderclap.",
              "duration": "Instantaneous",
              "id": "e17bca01-24d3-48d3-a308-099dd6dca373",
              "level": 0,
              "materialComponent": "",
              "name": "Thunderclap",
              "range": "Self",
              "ritual": false,
              "school": "illusion",
              "shortDescription": "Create an ominous thunderclap when your name is spoken",
              "somaticComponent": false,
              "verbalComponent": false,
            },
          },
          "errors": Object {},
          "onChangeAction": [MockFunction],
          "onSubmitAction": [MockFunction],
          "path": Array [
            "spell",
          ],
        }
      }
      rows={5}
    />
  </FormRow>
  <FormRow
    align="right"
    className=""
    verticalAlign="top"
  >
    <CancelButton
      colWidth="3"
      form={
        Object {
          "data": Object {
            "spell": Object {
              "castingTime": "1 reaction, which you take when you speak your own name or hear it spoken",
              "description": "Immediately after speaking or hearing your name, you create the illusory sound of an ominous, distant thunderclap.",
              "duration": "Instantaneous",
              "id": "e17bca01-24d3-48d3-a308-099dd6dca373",
              "level": 0,
              "materialComponent": "",
              "name": "Thunderclap",
              "range": "Self",
              "ritual": false,
              "school": "illusion",
              "shortDescription": "Create an ominous thunderclap when your name is spoken",
              "somaticComponent": false,
              "verbalComponent": false,
            },
          },
          "errors": Object {},
          "onChangeAction": [MockFunction],
          "onSubmitAction": [MockFunction],
          "path": Array [
            "spell",
          ],
        }
      }
      isUpdate={false}
    />
    <SubmitButton
      colWidth="3"
      disabled={false}
      form={
        Object {
          "data": Object {
            "spell": Object {
              "castingTime": "1 reaction, which you take when you speak your own name or hear it spoken",
              "description": "Immediately after speaking or hearing your name, you create the illusory sound of an ominous, distant thunderclap.",
              "duration": "Instantaneous",
              "id": "e17bca01-24d3-48d3-a308-099dd6dca373",
              "level": 0,
              "materialComponent": "",
              "name": "Thunderclap",
              "range": "Self",
              "ritual": false,
              "school": "illusion",
              "shortDescription": "Create an ominous thunderclap when your name is spoken",
              "somaticComponent": false,
              "verbalComponent": false,
            },
          },
          "errors": Object {},
          "onChangeAction": [MockFunction],
          "onSubmitAction": [MockFunction],
          "path": Array [
            "spell",
          ],
        }
      }
      isUpdate={false}
      requestStatus="initialized"
    />
  </FormRow>
</Form>
`;
